000001 00001000 1FFFDB37 0000   0=000002D4  1=00000000  2=00000000  3=00000000 
        4=00000000  5=00000000  6=00000000  7=00000000  8=00000000  9=00000000 
       10=00000000 11=00000000 12=00000000 13=00007000 14=00000000 
000002 00001004 1FFFDB37 0000   0=000002D4  1=A1000000  2=00000000  3=00000000 
        4=00000000  5=00000000  6=00000000  7=00000000  8=00000000  9=00000000 
       10=00000000 11=00000000 12=00000000 13=00007000 14=00000000 
000003 00001008 1FFFDB37 0000   0=000002D4  1=A1000000  2=000002D4  3=00000000 
        4=00000000  5=00000000  6=00000000  7=00000000  8=00000000  9=00000000 
       10=00000000 11=00000000 12=00000000 13=00007000 14=00000000 
000004 0000100C 1FFFDB37 0000   0=000002D4  1=A1000000  2=00001014  3=00000000 
        4=00000000  5=00000000  6=00000000  7=00000000  8=00000000  9=00000000 
       10=00000000 11=00000000 12=00000000 13=00007000 14=00000000 
000005 00001010 1FFFDB37 0000   0=000002D4  1=A1000000  2=E8400000  3=00000000 
        4=00000000  5=00000000  6=00000000  7=00000000  8=00000000  9=00000000 
       10=00000000 11=00000000 12=00000000 13=00007000 14=00000000 
000006 00001014 1FFFDB37 0000   0=000002D4  1=A1000000  2=28400000  3=00000000 
        4=00000000  5=00000000  6=00000000  7=00000000  8=00000000  9=00000000 
       10=00000000 11=00000000 12=00000000 13=00007000 14=00000000 
000007 00001018 1FFFDB37 0000   0=000002D4  1=A1000000  2=42000000  3=00000000 
        4=00000000  5=00000000  6=00000000  7=00000000  8=00000000  9=00000000 
       10=00000000 11=00000000 12=00000000 13=00007000 14=00000000 
000008 0000101C 1FFFDB37 0000   0=000002D4  1=A1000000  2=4000002D  3=00000000 
        4=00000000  5=00000000  6=00000000  7=00000000  8=00000000  9=00000000 
       10=00000000 11=00000000 12=00000000 13=00007000 14=00000000 
000009 00001020 1FFFDB37 0000   0=000002D4  1=A1000000  2=4000002D  3=FFFFFFFE 
        4=00000000  5=00000000  6=00000000  7=00000000  8=00000000  9=00000000 
       10=00000000 11=00000000 12=00000000 13=00007000 14=00000000 
000010 00001024 1FFFDB37 0000   0=000002D4  1=A1000000  2=4000002D  3=FFFFFFFE 
        4=00000004  5=00000000  6=00000000  7=00000000  8=00000000  9=00000000 
       10=00000000 11=00000000 12=00000000 13=00007000 14=00000000 
000011 00001028 1FFFDB37 0000   0=000002D4  1=A1000000  2=4000002D  3=FFFFFFFE 
        4=00000004  5=00000001  6=00000000  7=00000000  8=00000000  9=00000000 
       10=00000000 11=00000000 12=00000000 13=00007000 14=00000000 
000012 0000102C 1FFFDB37 0000   0=000002D4  1=A1000000  2=4000002D  3=FFFFFFFE 
        4=00000004  5=00000001  6=00000000  7=00000000  8=00000000  9=00000000 
       10=00000000 11=00000000 12=00000000 13=00007000 14=00000000 
000013 00001030 1FFFDB37 0000   0=000002D4  1=A1000000  2=4000002D  3=FFFFFFFE 
        4=00000004  5=FFFFFFFF  6=00000000  7=00000000  8=00000000  9=00000000 
       10=00000000 11=00000000 12=00000000 13=00007000 14=00000000 
000014 00001034 1FFFDB37 0000   0=000002D4  1=A1000000  2=000000D4  3=FFFFFFFE 
        4=00000004  5=FFFFFFFF  6=00000000  7=00000000  8=00000000  9=00000000 
       10=00000000 11=00000000 12=00000000 13=00007000 14=00000000 
000015 00001038 1FFFDB37 0000   0=000002D4  1=A1000000  2=000002D6  3=FFFFFFFE 
        4=00000004  5=FFFFFFFF  6=00000000  7=00000000  8=00000000  9=00000000 
       10=00000000 11=00000000 12=00000000 13=00007000 14=00000000 
000016 0000103C 1FFFDB37 0000   0=000002D4  1=A1000000  2=00000008  3=FFFFFFFE 
        4=00000004  5=FFFFFFFF  6=00000000  7=00000000  8=00000000  9=00000000 
       10=00000000 11=00000000 12=00000000 13=00007000 14=00000000 
000017 00001040 1FFFDB37 0000   0=000002D4  1=A1000000  2=000000D4  3=FFFFFFFE 
        4=00000004  5=FFFFFFFF  6=00000000  7=00000000  8=00000000  9=00000000 
       10=00000000 11=00000000 12=00000000 13=00007000 14=00000000 
000018 00001044 1FFFDB37 0000   0=000002D4  1=A1000000  2=00000002  3=FFFFFFFE 
        4=00000004  5=FFFFFFFF  6=00000000  7=00000000  8=00000000  9=00000000 
       10=00000000 11=00000000 12=00000000 13=00007000 14=00000000 
000019 00001048 1FFFDB37 0000   0=000002D4  1=A1000000  2=00000002  3=FFFFFFFE 
        4=00000004  5=42000000  6=00000000  7=00000000  8=00000000  9=00000000 
       10=00000000 11=00000000 12=00000000 13=00007000 14=00000000 
000020 0000104C 1FFFDB37 0000   0=000002D4  1=A1000000  2=00000002  3=FFFFFFFE 
        4=00000004  5=42000000  6=00000000  7=00000000  8=00000000  9=00000000 
       10=00000000 11=00000000 12=00000000 13=00007000 14=00000000 
